// Jest Snapshot v1, https://goo.gl/fbAQLP

exports[`AuthorLink renders correctly 1`] = `
<ul
  className="author"
>
  <li>
    <div
      className="author__headshot"
    >
      <img
        alt="test"
        className="author__headshot_photo"
        height="75"
        src="/carl-photo-social.jpg"
        width="75"
      />
    </div>
  </li>
  <li>
    <div
      className="author__name"
      height="75"
    >
      <a
        className="author__name-link"
        href="/pages/test/"
      >
        test
      </a>
    </div>
  </li>
</ul>
`;
