// Jest Snapshot v1, https://goo.gl/fbAQLP

exports[`FeedCategories renders correctly 1`] = `
<div
  className="feedcategories"
>
  <h3>
    Categories
  </h3>
  <ul
    className="feedcategories__list"
  >
    <li
      className="feedcategories__list-item"
    >
      <a
        className="feedcategories__list-item-link"
        href="/tag/test-0/"
      >
        test_0
         (
        2
        )
      </a>
    </li>
    <li
      className="feedcategories__list-item"
    >
      <a
        className="feedcategories__list-item-link"
        href="/tag/test-1/"
      >
        test_1
         (
        2
        )
      </a>
    </li>
  </ul>
</div>
`;
