// Jest Snapshot v1, https://goo.gl/fbAQLP

exports[`NotFoundTemplate renders correctly 1`] = `
<div
  className="layout"
>
  <div
    className="sidebar"
  >
    <div
      className="sidebar__inner"
    >
      <h1
        className="sidebar__title"
      >
        Arity Parity
      </h1>
      <div
        className="menu"
      >
        <h3>
          Links
        </h3>
        <ul
          className="menu__list"
        >
          <li
            className="menu__list-item"
          >
            <a
              className="menu__list-item-link"
              href="/test/1/"
            >
              Test label 1
            </a>
          </li>
          <li
            className="menu__list-item"
          >
            <a
              className="menu__list-item-link"
              href="/test/2/"
            >
              Test label 2
            </a>
          </li>
          <li
            className="menu__list-item"
          >
            <a
              className="menu__list-item-link"
              href="/test/3/"
            >
              Test label 3
            </a>
          </li>
        </ul>
      </div>
      <div
        className="feedcategories"
      >
        <h3>
          Categories
        </h3>
        <ul
          className="feedcategories__list"
        >
          <li
            className="feedcategories__list-item"
          >
            <a
              className="feedcategories__list-item-link"
              href="/tag/test-0/"
            >
              test_0
               (
              1
              )
            </a>
          </li>
          <li
            className="feedcategories__list-item"
          >
            <a
              className="feedcategories__list-item-link"
              href="/tag/test-1/"
            >
              test_1
               (
              2
              )
            </a>
          </li>
        </ul>
      </div>
      <div
        className="feedtags"
      >
        <h3>
          Tags
        </h3>
        <ul
          className="feedtags__list"
        >
          <li
            className="feedtags__list-item"
          >
            <a
              className="feedtags__list-item-link"
              href="/tag/test-0/"
            >
              test_0
               (
              1
              )
            </a>
          </li>
          <li
            className="feedtags__list-item"
          >
            <a
              className="feedtags__list-item-link"
              href="/tag/test-1/"
            >
              test_1
               (
              2
              )
            </a>
          </li>
        </ul>
      </div>
      <div
        className="authorsidebar"
      >
        <h3>
          Authors
        </h3>
        <ul
          className="authorsidebar__list"
        >
          <li
            className="authorsidebar__list-item"
          >
            <ul
              className="author"
            >
              <li>
                <div
                  className="author__headshot"
                >
                  <img
                    alt="Test name"
                    className="author__headshot_photo"
                    height="75"
                    src="/test.jpg"
                    width="75"
                  />
                </div>
              </li>
              <li>
                <div
                  className="author__name"
                  height="75"
                >
                  <a
                    className="author__name-link"
                    href="/pages/test-bio/"
                  >
                    Test name
                  </a>
                </div>
              </li>
            </ul>
          </li>
        </ul>
      </div>
      <div
        className="copyright"
      >
        Test copyright
      </div>
    </div>
  </div>
  <div
    className="page"
  >
    <div
      className="page__inner"
    >
      <h1
        className="page__title"
      >
        NOT FOUND
      </h1>
      <div
        className="page__body"
      >
        <p>
          You just hit a route that doesn't exist... the sadness.
        </p>
      </div>
    </div>
  </div>
</div>
`;
