// Jest Snapshot v1, https://goo.gl/fbAQLP

exports[`AuthorFooter renders correctly 1`] = `
<div
  className="authorfooter"
>
  <p
    className="authorfooter__bio"
  >
    Test bio
    <a
      className="authorfooter__bio-twitter"
      href="https://www.twitter.com/#"
      rel="noopener noreferrer"
      target="_blank"
    >
      <strong>
        Test name
      </strong>
       on Twitter
    </a>
  </p>
</div>
`;
