// Jest Snapshot v1, https://goo.gl/fbAQLP

exports[`AuthorSidebar renders correctly 1`] = `
<div
  className="authorsidebar"
>
  <h3>
    Authors
  </h3>
  <ul
    className="authorsidebar__list"
  >
    <li
      className="authorsidebar__list-item"
    >
      <ul
        className="author"
      >
        <li>
          <div
            className="author__headshot"
          >
            <img
              alt="test"
              className="author__headshot_photo"
              height="75"
              src="/carl-photo-social.jpg"
              width="75"
            />
          </div>
        </li>
        <li>
          <div
            className="author__name"
            height="75"
          >
            <a
              className="author__name-link"
              href="/pages/test/"
            >
              test
            </a>
          </div>
        </li>
      </ul>
    </li>
  </ul>
</div>
`;
